// Jest Snapshot v1, https://goo.gl/fbAQLP

exports[`renders a Teaser Hero Sidebar component 1`] = `
<div
  className="ui raised segments"
>
  <header
    className="header pulled"
  >
    <h2>
      <span>
        Teaser Hero
      </span>
    </h2>
  </header>
  <div
    className="ui segment form sidebar-image-data"
  >
    <div
      className="inline field"
      id="field-source"
    >
      <div
        className="ui grid"
      >
        <div
          className="stretched row"
        >
          <div
            className="four wide column"
          >
            <div
              className="wrapper"
            >
              <label
                htmlFor="field-source"
              >
                Source
              </label>
            </div>
          </div>
          <div
            className="eight wide column"
          >
            <div
              className="ui icon input"
            >
              <input
                disabled={false}
                id="field-source"
                name="source"
                onChange={[Function]}
                type="text"
                value="/de/a-page/news1"
              />
              <i
                aria-hidden="true"
                attributes={
                  Object {
                    "viewBox": "",
                    "xmlns": "",
                  }
                }
                className="icon"
              />
            </div>
            <button
              onClick={[Function]}
            >
              <svg
                className="icon"
                dangerouslySetInnerHTML={
                  Object {
                    "__html": undefined,
                  }
                }
                onClick={null}
                style={
                  Object {
                    "fill": "currentColor",
                    "height": "18px",
                    "width": "auto",
                  }
                }
                viewBox=""
                xmlns=""
              />
            </button>
          </div>
        </div>
      </div>
    </div>
    <div
      className="inline field"
      id="field-openLinkInNewTab"
    >
      <div
        className="ui grid"
      >
        <div
          className="stretched row"
        >
          <div
            className="twelve wide column"
          >
            <div
              className="wrapper"
            >
              <div
                className="ui fitted checkbox"
                onChange={[Function]}
                onClick={[Function]}
                onMouseDown={[Function]}
                onMouseUp={[Function]}
              >
                <input
                  checked={false}
                  className="hidden"
                  disabled={false}
                  name="field-openLinkInNewTab"
                  readOnly={true}
                  tabIndex={0}
                  type="checkbox"
                />
                <label />
              </div>
              <label
                className="ui basic horizontal label"
                htmlFor="field-openLinkInNewTab"
                onClick={[Function]}
              >
                Open in a new tab
              </label>
            </div>
          </div>
        </div>
      </div>
    </div>
  </div>
  <div
    className="ui segment form sidebar-image-data"
  >
    <div
      className="inline field"
    >
      <div
        className="ui grid"
      >
        <div
          className="row"
        >
          <div
            className="four wide column"
          >
            <div
              className="wrapper"
            >
              <label
                htmlFor="field-align"
              >
                <span>
                  Variation
                </span>
              </label>
            </div>
          </div>
          <div
            className="eight wide column align-tools"
          >
            <div>
              <div
                className="ui buttons"
              >
                <button
                  aria-label="Top"
                  className="ui basic icon button"
                  onClick={[Function]}
                >
                  <svg
                    className="icon"
                    dangerouslySetInnerHTML={
                      Object {
                        "__html": undefined,
                      }
                    }
                    onClick={null}
                    style={
                      Object {
                        "fill": "currentColor",
                        "height": "24px",
                        "width": "auto",
                      }
                    }
                    viewBox=""
                    xmlns=""
                  />
                </button>
              </div>
              <div
                className="ui buttons"
              >
                <button
                  aria-label="Left"
                  className="ui active basic icon button"
                  onClick={[Function]}
                >
                  <svg
                    className="icon"
                    dangerouslySetInnerHTML={
                      Object {
                        "__html": undefined,
                      }
                    }
                    onClick={null}
                    style={
                      Object {
                        "fill": "currentColor",
                        "height": "24px",
                        "width": "auto",
                      }
                    }
                    viewBox=""
                    xmlns=""
                  />
                </button>
              </div>
              <div
                className="ui buttons"
              >
                <button
                  aria-label="Right"
                  className="ui basic icon button"
                  onClick={[Function]}
                >
                  <svg
                    className="icon"
                    dangerouslySetInnerHTML={
                      Object {
                        "__html": undefined,
                      }
                    }
                    onClick={null}
                    style={
                      Object {
                        "fill": "currentColor",
                        "height": "24px",
                        "width": "auto",
                      }
                    }
                    viewBox=""
                    xmlns=""
                  />
                </button>
              </div>
            </div>
          </div>
        </div>
      </div>
    </div>
    <div
      className="inline field"
      id="field-isPadded"
    >
      <div
        className="ui grid"
      >
        <div
          className="stretched row"
        >
          <div
            className="twelve wide column"
          >
            <div
              className="wrapper"
            >
              <div
                className="ui fitted checkbox"
                onChange={[Function]}
                onClick={[Function]}
                onMouseDown={[Function]}
                onMouseUp={[Function]}
              >
                <input
                  checked={false}
                  className="hidden"
                  disabled={false}
                  name="field-isPadded"
                  readOnly={true}
                  tabIndex={0}
                  type="checkbox"
                />
                <label />
              </div>
              <label
                className="ui basic horizontal label"
                htmlFor="field-isPadded"
                onClick={[Function]}
              >
                Add padding
              </label>
            </div>
          </div>
        </div>
      </div>
    </div>
  </div>
</div>
`;
