// Jest Snapshot v1, https://goo.gl/fbAQLP

exports[`renders a view teaser hero block 1`] = `
<div
  className="tile teaserHero"
>
  <div
    className="theblockbody"
  />
</div>
`;
