// Jest Snapshot v1, https://goo.gl/fbAQLP

exports[`Text tile renders an edit text tile component 1`] = `<div />`;

exports[`Text tile renders an edit text tile component in detached mode 1`] = `<div />`;
