// Jest Snapshot v1, https://goo.gl/fbAQLP

exports[`renders an Image Data Sidebar component 1`] = `""`;
