// Jest Snapshot v1, https://goo.gl/fbAQLP

exports[`renders an Image Data Sidebar component 1`] = `
<div
  className="ui segment form sidebar-image-data"
>
  <div
    className="inline field text"
    id="field-source"
  >
    <div
      className="ui grid"
    >
      <div
        className="stretched row"
      >
        <div
          className="four wide column"
        >
          <div
            className="wrapper"
          >
            <label
              htmlFor="field-source"
            >
              Source
            </label>
          </div>
        </div>
        <div
          className="eight wide column"
        >
          <div
            className="ui icon input"
          >
            <input
              disabled={false}
              id="field-source"
              name="source"
              onChange={[Function]}
              type="text"
              value=""
            />
            <i
              aria-hidden="true"
              attributes={
                Object {
                  "viewBox": "",
                  "xmlns": "",
                }
              }
              className="icon"
              onClick={[Function]}
            />
          </div>
          <button
            onClick={[Function]}
          >
            <svg
              className="icon"
              dangerouslySetInnerHTML={
                Object {
                  "__html": undefined,
                }
              }
              onClick={null}
              style={
                Object {
                  "fill": "currentColor",
                  "height": "18px",
                  "width": "auto",
                }
              }
              viewBox=""
              xmlns=""
            />
          </button>
        </div>
      </div>
    </div>
  </div>
  <div
    className="inline field text"
    id="field-alt"
  >
    <div
      className="ui grid"
    >
      <div
        className="stretched row"
      >
        <div
          className="four wide column"
        >
          <div
            className="wrapper"
          >
            <label
              htmlFor="field-alt"
            >
              Alt text
            </label>
          </div>
        </div>
        <div
          className="eight wide column"
        >
          <div
            className="ui input"
          >
            <input
              disabled={false}
              id="field-alt"
              name="alt"
              onChange={[Function]}
              type="text"
              value=""
            />
          </div>
        </div>
      </div>
    </div>
  </div>
  <div
    className="inline field text"
    id="field-link"
  >
    <div
      className="ui grid"
    >
      <div
        className="stretched row"
      >
        <div
          className="four wide column"
        >
          <div
            className="wrapper"
          >
            <label
              htmlFor="field-link"
            >
              Link to
            </label>
          </div>
        </div>
        <div
          className="eight wide column"
        >
          <div
            className="ui icon input"
          >
            <input
              disabled={false}
              id="field-link"
              name="link"
              onChange={[Function]}
              type="text"
              value=""
            />
            <i
              aria-hidden="true"
              attributes={
                Object {
                  "viewBox": "",
                  "xmlns": "",
                }
              }
              className="icon"
              onClick={[Function]}
            />
          </div>
          <button
            onClick={[Function]}
          >
            <svg
              className="icon"
              dangerouslySetInnerHTML={
                Object {
                  "__html": undefined,
                }
              }
              onClick={null}
              style={
                Object {
                  "fill": "currentColor",
                  "height": "18px",
                  "width": "auto",
                }
              }
              viewBox=""
              xmlns=""
            />
          </button>
        </div>
      </div>
    </div>
  </div>
  <div
    className="inline field"
    id="field-openLinkInNewTab"
  >
    <div
      className="ui grid"
    >
      <div
        className="stretched row"
      >
        <div
          className="twelve wide column"
        >
          <div
            className="wrapper"
          >
            <div
              className="ui checkbox"
              onChange={[Function]}
              onClick={[Function]}
              onMouseDown={[Function]}
              onMouseUp={[Function]}
            >
              <input
                checked={false}
                className="hidden"
                disabled={false}
                name="field-openLinkInNewTab"
                readOnly={true}
                tabIndex={0}
                type="checkbox"
              />
              <label
                for="field-openLinkInNewTab"
              >
                Open in a new tab
              </label>
            </div>
          </div>
        </div>
      </div>
    </div>
  </div>
</div>
`;
