// Jest Snapshot v1, https://goo.gl/fbAQLP

exports[`renders a Grid Block Proxy Item component 1`] = `null`;
