// Jest Snapshot v1, https://goo.gl/fbAQLP

exports[`renders a Grid Tile Proxy Item component 1`] = `
<div
  className="listing"
>
  No results found.
</div>
`;
