// Jest Snapshot v1, https://goo.gl/fbAQLP

exports[`renders a text block component using the block renderer 1`] = `
<div
  className="mocked-block-edit-image"
/>
`;
